
Discarded input sections

 .group         0x00000000        0xc /tmp/ccZNhX2S.o
 .group         0x00000000        0xc /tmp/ccZNhX2S.o
 .group         0x00000000        0xc /tmp/ccZNhX2S.o
 .group         0x00000000        0xc /tmp/ccZNhX2S.o
 .group         0x00000000        0xc /tmp/ccZNhX2S.o
 .group         0x00000000        0xc /tmp/ccZNhX2S.o
 .group         0x00000000        0xc /tmp/ccZNhX2S.o
 .text          0x00000000        0x0 /tmp/ccZNhX2S.o
 .data          0x00000000        0x0 /tmp/ccZNhX2S.o
 .bss           0x00000000        0x0 /tmp/ccZNhX2S.o

Memory Configuration

Name             Origin             Length             Attributes
flash            0x08000000         0x00020000         xr
sram             0x20000000         0x00005000         xrw
*default*        0x00000000         0xffffffff

Linker script and memory map

LOAD /tmp/ccZNhX2S.o
START GROUP
LOAD /usr/lib/gcc/arm-none-eabi/14.2.0/thumb/v7-m/nofp/libgcc.a
LOAD /usr/lib/gcc/arm-none-eabi/14.2.0/../../../../arm-none-eabi/lib/thumb/v7-m/nofp/libg.a
LOAD /usr/lib/gcc/arm-none-eabi/14.2.0/../../../../arm-none-eabi/lib/thumb/v7-m/nofp/libc.a
END GROUP
START GROUP
LOAD /usr/lib/gcc/arm-none-eabi/14.2.0/thumb/v7-m/nofp/libgcc.a
LOAD /usr/lib/gcc/arm-none-eabi/14.2.0/../../../../arm-none-eabi/lib/thumb/v7-m/nofp/libc.a
LOAD /usr/lib/gcc/arm-none-eabi/14.2.0/../../../../arm-none-eabi/lib/thumb/v7-m/nofp/libnosys.a
END GROUP
                0x20005000                        _estack = (ORIGIN (sram) + LENGTH (sram))

.vectors        0x08000000       0xec
 *(.vectors)
 .vectors       0x08000000       0xec /tmp/ccZNhX2S.o
                0x08000000                tab

.text           0x080000ec      0x110
 *(.text*)
 .text.USART1_putc
                0x080000ec       0x10 /tmp/ccZNhX2S.o
                0x080000ec                USART1_putc
 .text.USART1_IRQHandler
                0x080000fc       0x18 /tmp/ccZNhX2S.o
                0x080000fc                USART1_IRQHandler
 .text.USART1_puts
                0x08000114       0x12 /tmp/ccZNhX2S.o
                0x08000114                USART1_puts
 *fill*         0x08000126        0x2 
 .text.startup.main
                0x08000128       0x98 /tmp/ccZNhX2S.o
                0x08000128                main
 .text._reset   0x080001c0       0x3c /tmp/ccZNhX2S.o
                0x080001c0                _reset

.glue_7         0x080001fc        0x0
 .glue_7        0x080001fc        0x0 linker stubs

.glue_7t        0x080001fc        0x0
 .glue_7t       0x080001fc        0x0 linker stubs

.vfp11_veneer   0x080001fc        0x0
 .vfp11_veneer  0x080001fc        0x0 linker stubs

.v4_bx          0x080001fc        0x0
 .v4_bx         0x080001fc        0x0 linker stubs

.iplt           0x080001fc        0x0
 .iplt          0x080001fc        0x0 /tmp/ccZNhX2S.o

.rodata         0x080001fc       0x10
 *(.rodata*)
 .rodata.main.str1.1
                0x080001fc       0x10 /tmp/ccZNhX2S.o

.rel.dyn        0x0800020c        0x0
 .rel.iplt      0x0800020c        0x0 /tmp/ccZNhX2S.o

.data           0x20000000        0x0 load address 0x0800020c
                0x20000000                        _sdata = .
 *(.first_data)
 *(.data SORT_BY_NAME(.data.*))
                0x20000000                        _edata = .
                0x0800020c                        _sidata = LOADADDR (.data)

.igot.plt       0x20000000        0x0 load address 0x0800020c
 .igot.plt      0x20000000        0x0 /tmp/ccZNhX2S.o

.bss            0x20000000        0x0 load address 0x0800020c
                0x20000000                        _sbss = .
 *(.bss SORT_BY_NAME(.bss.*) COMMON)
                0x20000000                        _ebss = .
                0x20000000                        . = ALIGN (0x8)
                0x20000000                        _end = .
OUTPUT(firmware.elf elf32-littlearm)
LOAD linker stubs

.debug_info     0x00000000      0x2f8
 .debug_info    0x00000000      0x2f8 /tmp/ccZNhX2S.o

.debug_abbrev   0x00000000      0x1da
 .debug_abbrev  0x00000000      0x1da /tmp/ccZNhX2S.o

.debug_loclists
                0x00000000       0x8e
 .debug_loclists
                0x00000000       0x8e /tmp/ccZNhX2S.o

.debug_aranges  0x00000000       0x40
 .debug_aranges
                0x00000000       0x40 /tmp/ccZNhX2S.o

.debug_rnglists
                0x00000000       0x44
 .debug_rnglists
                0x00000000       0x44 /tmp/ccZNhX2S.o

.debug_macro    0x00000000      0xfa6
 .debug_macro   0x00000000       0x99 /tmp/ccZNhX2S.o
 .debug_macro   0x00000099      0xac0 /tmp/ccZNhX2S.o
 .debug_macro   0x00000b59       0x22 /tmp/ccZNhX2S.o
 .debug_macro   0x00000b7b       0x8e /tmp/ccZNhX2S.o
 .debug_macro   0x00000c09       0x51 /tmp/ccZNhX2S.o
 .debug_macro   0x00000c5a      0x103 /tmp/ccZNhX2S.o
 .debug_macro   0x00000d5d       0x6a /tmp/ccZNhX2S.o
 .debug_macro   0x00000dc7      0x1df /tmp/ccZNhX2S.o

.debug_line     0x00000000      0x2ce
 .debug_line    0x00000000      0x2ce /tmp/ccZNhX2S.o

.debug_str      0x00000000     0x3d77
 .debug_str     0x00000000     0x3d77 /tmp/ccZNhX2S.o
                               0x3edb (size before relaxing)

.comment        0x00000000       0x1e
 .comment       0x00000000       0x1e /tmp/ccZNhX2S.o
                                 0x1f (size before relaxing)

.ARM.attributes
                0x00000000       0x2d
 .ARM.attributes
                0x00000000       0x2d /tmp/ccZNhX2S.o

.debug_frame    0x00000000       0x70
 .debug_frame   0x00000000       0x70 /tmp/ccZNhX2S.o
